10.5
6.28784
9.92222
1.03056
10.0533
2.22857
1.23636
11.5387
1.84516
1.144
2.8
5.1875
4.50732
1.97468
8.48305
1.33269
6.68462
5.40741
4.375
4.08
29.848
0.641667
4.5641
6.4
0.589578
1.91656
0.916667
0.296674
0.392354
1.20972
0.282828
0.0730382
0.244833
0.631778
0.154289
1.42962
45.7686
23.6576
49.7782
2.93023
16.0286
2.02667
15.3391
28.1739
2.45714
11.8593
32.7629
29.792
