-12.52
-34.6
-8.14
1.7
6.16
-9.4
-16.38
-12.01
-18.9
-53.46
-7.56
-66.2
2.6
11.66
-0.5
11.43
11.48
7.78
42.01
23.14
43.38
7.72
23.18
16.66
-20.01
-14.46
-93.42
-9.35
-70.62
-38.6
-36.2
-21.62
-21.23
-43.4
-26.98
-21.54
2.44
-45.77
-4.72
28.64
23.67
-22.39
26.23
-11.14
-23.61
57.85
21.67
-12.56
