387
738
488
8311
322
1874
125
838
38
141
1598
3401
4018
3028
4453
2383
264
2247
3399
1288
2885
5701
4252
1817
7478
3734
281
572
8317
470
1300
1907
9363
1401
2670
6114
1642
1959
9668
5350
6707
10557
4955
5592
2689
2477
4722
3042
