51
190.4
8.8
390
127.4
192.5
230.1
18.3
50.4
864.5
231.4
108.8
64.4
118.8
446.4
525.1
217.8
299.3
821.7
572
269.7
55.8
47.2
228
6039
5616
2860
94
47
4087
2706
990
120
1836
288
3384
