38.83
2.69
14.56
18.6
1.5
68.98
20.1
36.48
20.44
3.04
66.1
-2.44
-3.72
-11.64
-23.32
-60.04
-8.1
-50.09
-65.75
-26.2
-14.5
-58.5
-6.41
-28.18
-50.07
-63.72
1.33
33.9
-65.58
39.46
1.14
0.03
1.32
27.92
5.62
3.06
-9.1
-5.5
-15.22
-68.38
-6.6
-3.84
-41.8
-16.2
-79.2
-26.96
-30.07
-43.97
