-28
-21
-59
-12
-82
-78
-21
-62
-74
-21
-68
-71
44
99
20
4
38
32
26
-2
28
81
14
80
3
-4
-1
-5
0
-2
5
2
-2
-1
-5
5
0
-58
-17
34
17
-38
-81
50
22
-12
-27
-26
