153
129
208
118
121
78
132
106
140
114
196
141
98
86
175
121
214
143
153
194
73
41
139
180
193
269
207
125
207
211
193
224
219
266
157
146
201
240
165
267
178
175
237
203
98
228
136
203
