0
0
0
0
1
0
0
0
0
0
0
0
6
49
8
16
15
16
9
11
6
16
7
56
0
1
2
0
2
2
2
1
4
0
1
8
