52
6
126
107
75
113
61
-2
23
9
-16
-26
-8
58
-16
-54
46
53
7
100
112
48
94
21
25
226
167
126
67
172
70
189
188
73
73
171
167
-37
-24
70
147
-75
56
-17
-8
24
-19
37
