34
50.2
72.7
88
103.4
63.3
22
21
17.1
45.1
105.6
100.2
73
46.4
102.4
27.3
59.2
85.7
34.4
106
56.7
25.6
9.6
51.1
146
55
53
150
24
76
81
50
115
78
54
141
