85.162
101.528
238.128
261.072
33.81
99.864
172.26
124.872
143.888
6.16
510.34
186.528
221.2
126.555
118.56
11.616
270.144
20.28
28
311.355
72.8
68.208
499.744
24.192
303.688
66.7128
1413.69
692.723
265.448
480.48
2358.72
769.824
682.634
1545.64
1962.55
809.323
523.908
929.5
1898.05
448.95
1695.74
387.418
364.099
85.32
133.38
1157.33
252
451.44
