45
75
99
78
90
0
132
0
0
0
0
0
17
24
2
288
57
148
168
3
263
219
108
268
0
0
0
0
0
3
0
0
10
3
0
2
3813
2232
782
1850
1710
9699
3504
646
3465
168
9202
2
