9.9
9.7
29.8
14.02
52.84
16.86
45.42
43.24
13.02
34.7
42.47
37.5
63.72
21.3
13.57
45.32
29.76
52.13
39.91
65
17.64
76.23
43
28.86
76
29.25
59.76
18.18
37.4
25.92
67.62
30.25
47.4
27.56
30.7
54.75
51.28
38.08
48.47
34.83
82
90.4
79.51
96.83
55.27
76.07
69.13
44.04
