20.2
11.3
21.3
20
14
11.3
21.5
17.7
22.8
17.1
22.6
10.5
16.3
17.6
21.9
21.4
17.3
9.7
15.2
17.3
16.1
8.8
17.3
14.3
16.1
23.7
19.2
14.7
16.1
26.8
22.3
28.2
13.3
16.8
22.9
17.6
16.1
21.5
9
26.8
24.4
22.2
23.3
21.7
23.8
23.2
13.6
19.6
