50.6
52.7
19.7
65
-4.6
52.5
84.1
90.1
73.7
59.8
18.7
59.8
-71.9
-43.5
-37.5
-24.3
-24.1
-84.1
-50.9
-72.9
-74.2
-66.6
-77.3
-16
3
-23
-52
75
13
93
-43
-7
85
7
-7
-4
