76
110
132
117
10
32
53
8
103
66
13
37
0
6
7
76
0
34
0
118
192
56
30
46
3922
20440
0
4788
1764
3969
1656
3952
0
6083
20384
4212
0
0
0
0
0
0
9
64
0
0
0
0
