51
64
35
37
39
75
73
74
8
11
7
96
79
66
2
20
77
16
7
14
93
93
100
7
146
120
31
40
155
83
66
135
149
109
125
98
2
2
4
3
3
1
1
0
2
17
0
2
