30.66
26.8
45.97
25.82
7.97
26.38
76.08
97.26
26.66
23.14
27.12
38.23
82.04
9.2
41.69
25.58
23.54
20.9
32.7
13.06
10.84
25.6
17.7
33.31
33.19
45.12
46.89
16.38
36.5
35.66
67.48
49.23
34.38
18.28
19.5
92.39
22
50.81
59.75
24.3
17.3
35.46
29.3
22.32
19.24
43.88
79.26
6.62
