244
3707
4095
2607
1090
1481
136
2691
6835
8179
544
880
2123
2638
3672
1918
919
4300
42
248
4863
2747
2581
4003
2466
2249
6181
1480
6360
6856
3512
1286
1793
3635
10201
2319
499
4065
2922
333
3277
467
230
6522
4608
6579
915
1322
