27
54
75
87
89
104
13
96
28
87
81
48
25
14
73
27
48
44
70
51
31
13
86
41
9
5
17
6
10
5
16
17
8
5
10
5
