925
20
5295
3827
898
1824
523
6144
3974
2311
2488
647
-3253
-1968
-1933
-2215
-1199
-2094
-2916
-6281
-7212
-3493
-5633
-285
1671
-596
-912
5700
2673
676
-613
323
2171
2543
3250
-4985
-7178
-3454
-8126
-1791
-6891
-358
-3326
-1525
-7154
-1905
-3564
-532
