147
62
16
27
-34
44
54
106
6
107
134
-25
65
-24
98
-58
55
11
137
-7
15
66
-20
4
28
56
-144
27
-3
-91
56
-20
4
-56
-3
91
56
256
-31
121
63
156
139
88
-26
33
67
86
