9.70625
4.32323
3.33505
10.5
5.49302
9.37027
5.9
9.35882
3.33288
8.17083
7.60588
9.01724
5.3875
2.98936
10.5176
1.86441
7.51034
3.95417
7.18125
7.24082
3.55882
2.34416
3.81364
3.77213
13.8022
12.7745
16.5176
22.9778
15.0663
17.0408
14.675
15.6
9.89091
10.4
10.6176
14.7
1.58418
4.78571
3.26471
0.873344
1.78951
2.06539
2.40916
3.7875
1.38095
3.33421
2.31643
1.50623
