5.75714
5.4
6.67805
1.42143
8.2
7.34545
6.82623
2.85
1.1
6.16154
4.83678
0.772549
-5.80588
-4.4125
0.555556
-5.05814
-5.58571
-8.10225
-2.43656
-1.65
-4.42985
-8.26735
-1.21224
-4.31667
0.157143
-4.83529
-2.62083
-1.76271
-0.0921053
-1.18276
-2.98454
-1.75
-1.33793
-1.45506
-0.827027
-2.4
-0.848794
0.549107
0.224504
0.367757
0.155681
0.252568
2.77684
0.973016
-1.1572
-0.0504658
-0.103749
1.17461
