0.210053
0.0788342
0.0642479
0.126263
0.199336
0.226852
0.126582
0.111483
0.0864198
0.220588
0.201299
0.048216
2.96651
0.3233
1.77686
0.0641026
0.147059
0.646307
0.678138
0.453297
0.428571
0.277186
0.0717949
0.0410151
0.00960149
0.0174091
0.0349507
0.025641
0.0426095
0.0304487
0.0324097
0.0362686
0.00969904
0.306915
0.0917524
0.00480192
0.148709
0.0791396
0.453297
0.16129
0.0912349
0.584975
0.00672585
0.0657895
0.0860806
0.0640417
0.143692
0.0364023
