8760
11074
7260
7719
1680
2496
962
5452
2376
2380
5187
3978
784
3000
6734
2600
92
2911
5928
3100
5372
2714
6848
945
4428
4312
5166
5742
8586
2072
5922
2331
8094
10580
2968
3888
