-45
16
7
-99
55
-27
-99
-104
-83
-142
15
-73
-52
39
17
-106
-72
64
-139
-147
-54
-18
-59
-129
-20
-39
-55
-7
-99
-114
-230
-106
-72
5
22
-12
-68
-153
-105
-121
-162
-3
37
-180
-181
55
-57
-135
