85
48
80
48
53
99
46
36
22
93
55
67
14
54
4
30
64
73
18
35
9
8
101
8
0
13
1
2
3
1
35
29
1
1
0
54
86
121
121
116
151
68
192
105
140
114
121
75
