17.0154
8.1
14.104
7.84259
6.28772
0.357143
1.75094
12.125
1.47692
18.0692
1.02
1.15464
11.8
9.75
2.85538
0.637931
15.8741
6.31707
0.918987
2.97551
19.9079
2.24103
0.833333
17.4
2.41458
33.3277
80.7927
66.5594
12.3195
12.9238
57.2946
17.9775
14.2374
20.0768
28.9694
3
7.21212
0.0933333
0.0692784
0.531429
1.12878
0.690537
16.5455
1.56667
0.835185
0.61267
0.633635
0.198554
