108
8
80
328
584
140
256
152
158
576
128
5
390
268
75
94
140
470
166
98
200
150
152
96
6
42
42
8
18
36
24
36
40
10
56
18
