-0.8
9.8
2.9
8
3
7.2
-3.7
7
6
3.9
-0.3
4.3
6
1.4
7.9
7.7
9.1
0.2
5.3
5.2
7.3
9.2
6.4
-0.1
9.8
12.6
-1.5
20.6
9.7
13.4
13.1
13.8
19.5
24.2
11
9.1
0.7
-0.8
-0.3
1.8
-7.9
-9.1
7
3.4
-5.4
-2.9
6.4
6.1
