4.09706
8.03636
4.35
5.2963
10.6344
10.5831
11.8818
8.76667
7.08261
4.32564
8.75439
8.71795
6.76296
6.87209
10.9902
11.8462
10.7375
7.55
9.55873
6.3881
7.62466
11.1708
6.1
9.54681
2.05111
0.952202
4.12338
1.02222
2.0404
2.71702
6.16667
2.86742
3.43039
8.35423
1.76261
1.30082
14.0296
24.0231
5.80519
10.2928
16.6765
14.4889
13.1923
12.5316
12.5814
18
13.8064
9.76596
