-13.1
-5.7
-8.8
-15.5
-3
-6.5
-3.4
-13.9
-7.8
-2.5
-11.7
-7.8
-6.3
-10.6
-7.1
-0.1
-3
-6.5
0.8
-2.4
-2.9
-4
-8.6
-8.7
-20.5
-13.7
-15.2
-2.3
-11.7
-13.4
-6.1
-18.2
-23.4
-13.8
-15.9
-8.4
-12.8
-10
-6.1
-15.3
-10.8
-22
-13
-15.2
-6.9
-12.1
-4.6
-11.7
