56
13
15
44
36
70
2
95
23
92
30
84
-45
-95
-11
-79
-9
-63
-2
-94
-9
-72
-9
-68
-34
-26
-65
20
20
49
-42
-12
-24
-6
59
-21
0
0
13
-1
0
1
0
11
6
3
1
-4
