-6.57273
-8.58125
-6.47473
-0.764706
-0.26
-8.82911
-1.79737
-1.1
-1.52692
-5.25745
-7.38889
-0.488889
5.55238
4.32821
7.66923
7.94
4.12609
-3.83077
1.22619
6.27742
0.941379
3.10989
0.697015
5.85507
0.756098
0.374007
-5.39123
-0.559961
-0.837071
4.11525
0.130952
0.145833
0.131476
-4.58966
1.26049
0.697055
-6.33333
-2.8
-4.18333
0.45
-1.62353
-2.39184
3.33784
-2.45085
-0.236364
5.98193
-2.60769
-4.3439
