154560
9180
175032
150423
92916
135828
343758
63336
84096
3819
91728
1188
244440
449352
106029
101850
30996
485584
465750
12900
317196
10934
207368
31668
964656
4136832
8619520
2799602
11512512
2419200
895440
9122625
16722720
221340
14814800
1750320
1921752
2458625
174900
1119348
3744630
4781920
280500
13077504
6916239
511830
5191560
1758120
