-2.4
12
3.7
11.5
0.7
8.4
5.7
2.7
11
5.2
7.9
14.2
1.9
11.7
9.2
0.8
4.8
4.4
10.4
2.5
8.1
6.1
4
8.4
8.3
2.3
-5
-3.3
-6.3
-1.4
6.2
-7.2
1
-4.9
2.3
6.1
9.4
4.44089e-016
10.3
16.9
7.6
5.1
11.9
4.6
6.4
5.1
7.3
10.7
