-37
-3
-45
-89
-52
-88
-63
4
-56
-73
-90
-9
56
75
48
38
10
29
43
39
64
17
68
97
-3
-1
-1
-3
-1
0
0
-6
-4
0
-5
-3
