206
51
93
94
97
189
75
208
110
147
141
139
64
171
107
163
85
152
148
147
166
81
128
164
115
150
157
163
102
128
197
179
137
139
187
225
