-712
-1531
-2026
-2644
-415
-3950
-3558
-2688
-3041
-1025
-1996
-4072
87
1776
7249
3902
505
83
7986
4266
4588
1258
476
1322
-435
-3521
-627
-8178
-5870
-2565
-1372
-6431
-580
-1671
-282
-4331
2844
-7805
1577
-4326
-8675
-3505
-6759
-1152
2268
7121
3425
1126
