13.6667
10.5085
4.18605
1.35135
0.285714
9.53488
10.7143
36.3636
15.283
9.18033
1.31148
12.0968
0.08
0.0828571
0.6
0.0272727
0.045614
0.783333
0.0921875
0.466667
0.175
0.0175258
0.31
0.0916667
1.01064
0.83908
2.83333
2.04348
7.5
1.38462
0.145161
0.125
0.373134
0.135593
0.6
0.583333
