21
60
-12
35
0
85
32
77
11
28
-48
36
-55
-29
-95
-10
-61
-112
35
-105
3
-35
22
-17
49
-43
26
-32
-1
-48
-38
64
62
59
-47
22
