3.2 40
4.9 40 1.333
0 40 1.333 2.818
77.77 40 1.333 2.818 3200
